// Jest Snapshot v1, https://jestjs.io/docs/snapshot-testing

exports[`ImageUploadField matches snapshot with initial images 1`] = `
<DocumentFragment>
  <div>
    <div
      class="flex flex-col items-center justify-center border-2 border-dashed border-gray-300 rounded-lg p-6 transition-colors"
    >
      <label
        class="flex flex-col items-center cursor-pointer"
        for="photoUpload"
      >
        <input
          accept="image/jpeg,image/jpg,image/webp"
          class="hidden"
          data-testid="photoUpload"
          id="photoUpload"
          multiple=""
          type="file"
        />
        <button
          class="mb-4 px-4 py-2 bg-slate-200 text-sky-950 rounded shadow hover:bg-slate-300 font-semibold"
          type="button"
        >
          Add More Photos
        </button>
      </label>
      <p
        class="text-xs text-gray-500 mb-2"
      >
        JPEG, JPG, or WEBP files are supported. You can upload multiple photos.
      </p>
      <div
        class="grid grid-cols-2 gap-4 w-full mb-4"
      >
        <div
          class="relative"
        >
          <img
            alt="Selected Photo Preview 1"
            class="object-contain w-full h-32 rounded-md"
            data-nimg="1"
            decoding="async"
            height="100"
            loading="lazy"
            src="/_next/image?url=http%3A%2F%2Fexample.com%2Fimage1.jpg&w=256&q=75"
            srcset="/_next/image?url=http%3A%2F%2Fexample.com%2Fimage1.jpg&w=128&q=75 1x, /_next/image?url=http%3A%2F%2Fexample.com%2Fimage1.jpg&w=256&q=75 2x"
            style="color: transparent;"
            width="100"
          />
          <button
            class="absolute top-1 right-1 bg-red-500 text-white rounded-full px-2 py-1 text-xs"
            tabindex="-1"
            type="button"
          >
            ✕
          </button>
        </div>
      </div>
    </div>
  </div>
</DocumentFragment>
`;
