// Jest Snapshot v1, https://jestjs.io/docs/snapshot-testing

exports[`ProductGrid matches snapshot with products 1`] = `
<DocumentFragment>
  <div
    class="grid grid-cols-2 lg:grid-cols-3 xl:grid-cols-4 gap-6 pb-20"
  >
    <div
      data-testid="product-card"
    >
      Pen
    </div>
    <div
      data-testid="product-card"
    >
      Notebook
    </div>
  </div>
</DocumentFragment>
`;
