// Jest Snapshot v1, https://jestjs.io/docs/snapshot-testing

exports[`QuantityControl matches snapshot 1`] = `
<DocumentFragment>
  <div
    class="flex items-center border border-gray-300 rounded-lg "
  >
    <button
      class="px-4 py-2 bg-gray-100 hover:bg-gray-200 text-gray-700 rounded-l-lg transition-colors "
    >
      -
    </button>
    <span
      class="px-4 py-2 text-center min-w-[3rem] text-lg"
    >
      3
    </span>
    <button
      class="px-4 py-2 bg-gray-100 hover:bg-gray-200 text-gray-700 rounded-r-lg transition-colors "
    >
      +
    </button>
  </div>
</DocumentFragment>
`;
